
N=4096  (production 0.399 ms, 344.8 TFLOP/s)
| variant | ms (IQR) | vs production | TFLOP/s | output |
|---|---|---|---|---|
| production | 0.399 (0.001) | +0.000 (+0.0%) | 344.8 |  |
| copy | 0.398 (0.001) | -0.000 (-0.1%) | 345.0 | bit-exact |
| no_exp | 0.368 (0.001) | -0.030 (-7.6%) | 373.1 | max diff nan |
| no_softmax | 0.259 (0.001) | -0.140 (-35.1%) | 531.6 | max diff 4.89e+02 |
| kv_l2 | 0.374 (0.001) | -0.025 (-6.2%) | 367.6 | max diff 2.29e+00 |
| matmul_only | 0.244 (0.001) | -0.154 (-38.7%) | 562.5 | max diff 3.86e+03 |
| ffma_scale | 0.394 (0.001) | -0.005 (-1.2%) | 349.1 | max diff 4.88e-04 |
| even_n | 0.366 (0.001) | -0.033 (-8.3%) | 375.9 | max diff 4.88e-04 |
| ffma_scale+even_n | 0.359 (0.001) | -0.040 (-10.0%) | 383.3 | max diff 4.88e-04 |
| pack | 0.389 (0.001) | -0.010 (-2.5%) | 353.7 | bit-exact |

N=8192  (production 1.386 ms, 396.6 TFLOP/s)
| variant | ms (IQR) | vs production | TFLOP/s | output |
|---|---|---|---|---|
| production | 1.386 (0.012) | +0.000 (+0.0%) | 396.6 |  |
| copy | 1.377 (0.005) | -0.009 (-0.6%) | 399.2 | bit-exact |
| no_exp | 1.271 (0.013) | -0.116 (-8.3%) | 432.7 | max diff nan |
| no_softmax | 0.880 (0.009) | -0.507 (-36.5%) | 625.1 | max diff 6.83e+02 |
| kv_l2 | 1.400 (0.036) | +0.014 (+1.0%) | 392.7 | max diff 2.08e+00 |
| matmul_only | 0.849 (0.026) | -0.537 (-38.8%) | 647.6 | max diff 8.38e+03 |
| ffma_scale | 1.468 (0.038) | +0.082 (+5.9%) | 374.5 | max diff 4.88e-04 |
| even_n | 1.303 (0.013) | -0.083 (-6.0%) | 421.9 | max diff 1.22e-04 |
| ffma_scale+even_n | 1.262 (0.014) | -0.124 (-8.9%) | 435.5 | max diff 4.88e-04 |
| pack | 1.385 (0.014) | -0.001 (-0.1%) | 396.9 | bit-exact |

N=16384  (production 5.278 ms, 416.6 TFLOP/s)
| variant | ms (IQR) | vs production | TFLOP/s | output |
|---|---|---|---|---|
| production | 5.278 (0.095) | +0.000 (+0.0%) | 416.6 |  |
| copy | 5.479 (0.105) | +0.201 (+3.8%) | 401.4 | bit-exact |
| no_exp | 4.791 (0.159) | -0.488 (-9.2%) | 459.0 | max diff nan |
| no_softmax | 3.630 (0.153) | -1.649 (-31.2%) | 605.9 | max diff 1.02e+03 |
| kv_l2 | 5.067 (0.378) | -0.211 (-4.0%) | 434.0 | max diff 2.21e+00 |
| matmul_only | 3.271 (0.187) | -2.007 (-38.0%) | 672.3 | max diff 1.81e+04 |
| ffma_scale | 5.237 (0.139) | -0.041 (-0.8%) | 419.9 | max diff 2.44e-04 |
| even_n | 4.950 (0.112) | -0.328 (-6.2%) | 444.3 | max diff 2.44e-04 |
| ffma_scale+even_n | 4.870 (0.090) | -0.408 (-7.7%) | 451.6 | max diff 2.44e-04 |
| pack | 5.304 (0.046) | +0.026 (+0.5%) | 414.6 | bit-exact |

wrote bench/results/2026-10-03/ablation_fp16_rounds5.json
