nvdisasm warning : Disassembling Std Elf to Old format or Old Elf to Std format not supported yet, switching to Old format
2088 instructions
registers 183/thread, stack 0 B, local (spills) 0 B, shared 160 KiB

loop 1: 447 instructions per iteration
  by class: fp32 234, int/other 69, uniform 49, mufu 34, convert 16, load/store 15, tensor 12, wait/sync 9, shuffle 8, control 1
  top opcodes: FMUL 96, FADD 68, FMNMX 36, MUFU.EX2 34, FSEL 32, F2FP.F16.F32.PACK_AB 16, UIADD3.64 14, UMOV 11, IMAD 10, LEA 8, LEA.HI.X.SX32 8, HGMMA.64x64x16.F32 8
  clocks per iteration per SM, each resource alone at peak: tensor 1024, issue 894, mufu 544, fp32 332
  schedule:
  DEPBAR.LE
  BAR.SYNC.DEFER_BLOCKING
      23 other (4 LDS, 2 UIADD3, 2 IMAD, 2 USHF, 2 ISETP)
  MEMBAR.ALL.CTA
       3 other (2 UIADD3, 1 FENCE)
  WARPGROUP.ARRIVE
  HGMMA.64x64x16.F32 x8 (+21 address/uniform)
       6 other (3 UMOV, 1 USHF, 1 USGXT, 1 ULOP3)
  WARPGROUP.DEPBAR.LE
     313 other (96 FMUL, 63 FADD, 36 FMNMX, 34 MUFU.EX2, 32 FSEL)
  WARPGROUP.ARRIVE
       1 other (1 FADD)
  HGMMA.64x128x16.F32 x4 (+8 address/uniform)
  BAR.SYNC.DEFER_BLOCKING
       3 other (3 LDS)
  LDGSTS.E.BYPASS.128 x4 (+14 address/uniform)
       1 other (1 LEA)
  LDGDEPBAR
  LDGSTS.E.BYPASS.128 x3 (+7 address/uniform)
       4 other (2 LEA, 1 SHFL, 1 IADD3)
  LDGSTS.E.BYPASS.128
       4 other (2 ISETP, 1 IMAD, 1 SHFL)
  LDGDEPBAR
      10 other (4 FADD, 2 SHFL, 2 FFMA, 1 IMAD, 1 BRA)

loop 2: 565 instructions per iteration
  by class: fp32 264, int/other 151, uniform 55, mufu 34, convert 16, load/store 15, tensor 12, wait/sync 9, shuffle 8, control 1
  top opcodes: FMUL 96, FADD 68, FSEL 62, FMNMX 36, MUFU.EX2 34, ISETP.GT.U32.AND 28, ISETP.GT.AND.EX 28, F2FP.F16.F32.PACK_AB 16, UIADD3 13, IMAD 10, UIADD3.X 10, IADD3 9
  clocks per iteration per SM, each resource alone at peak: tensor 1024, issue 1130, mufu 544, fp32 332
  schedule:
  DEPBAR.LE
  BAR.SYNC.DEFER_BLOCKING
      23 other (4 LDS, 3 UMOV, 2 IADD3, 2 USHF, 2 ULOP3)
  MEMBAR.ALL.CTA
       4 other (2 UIADD3, 1 FENCE, 1 UMOV)
  WARPGROUP.ARRIVE
  HGMMA.64x64x16.F32 x8 (+24 address/uniform)
      10 other (5 UMOV, 2 UIADD3, 1 ULOP3, 1 UISETP, 1 USEL)
  WARPGROUP.DEPBAR.LE
     428 other (96 FMUL, 77 ISETP, 63 FADD, 62 FSEL, 36 FMNMX)
  WARPGROUP.ARRIVE
       1 other (1 FADD)
  HGMMA.64x128x16.F32 x4 (+4 address/uniform)
  BAR.SYNC.DEFER_BLOCKING
       3 other (3 LDS)
  LDGSTS.E.BYPASS.128 x4 (+14 address/uniform)
       1 other (1 LEA)
  LDGDEPBAR
  LDGSTS.E.BYPASS.128 x3 (+7 address/uniform)
       4 other (2 LEA, 1 SHFL, 1 IADD3)
  LDGSTS.E.BYPASS.128
       4 other (2 ISETP, 1 IADD3, 1 SHFL)
  LDGDEPBAR
       9 other (4 FADD, 2 SHFL, 2 FFMA, 1 BRA)
